Program
  List
    Function
      IdDecl ID="a"
      List
      Block
        List
          Declaration
            IdDecl ID="a"
          ReAssignment
            IdUse ID="a"
            IntValue INTEGER="2"
          FunctionStmt
            FuncCall
              IdUse ID="print"
              List
                IdUse ID="a"
