Program
  List
    Function
      IdDecl ID="a"
      List
      Block
        List
          Declaration
            IdDecl ID="x"
          Declaration
            IdDecl ID="y"
          ReAssignment
            IdUse ID="x"
            IntValue INTEGER="5"
          ReAssignment
            IdUse ID="y"
            IdUse ID="x"
