Program
  List
    Function
      Id ID="a"
      Opt
      Block
        Opt
          List
            Declaration
              IdDecl ID="a"
              Opt
            Declaration
              IdDecl ID="b"
              Opt
            Assignment
              IdUse ID="b"
              Div
                IntValue INTEGER="2"
                IntValue INTEGER="2"
            Assignment
              IdUse ID="a"
              Div
                IdUse ID="b"
                IntValue INTEGER="2"
