Program
  List
    Function
      Id ID="a"
      Opt
      Block
        Opt
          List
            Declaration
              IdDecl ID="a"
            Declaration
              IdDecl ID="b"
            Assignment
              IdUse ID="b"
              Mod
                IntValue INTEGER="2"
                IntValue INTEGER="2"
            Assignment
              IdUse ID="a"
              Mod
                IdUse ID="b"
                IntValue INTEGER="2"
