Program
  List
    Function
      IdDecl ID="a"
      List
      Block
        Opt
          List
            Declaration
              IdDecl ID="a"
              Opt
                IntValue INTEGER="2"
            Declaration
              IdDecl ID="b"
              Opt
                Add
                  IntValue INTEGER="2"
                  IdUse ID="a"
            Declaration
              IdDecl ID="c"
              Opt
            Declaration
              IdDecl ID="d"
              Opt
                Add
                  FuncCall
                    IdUse ID="read"
                    List
                  FuncCall
                    IdUse ID="read"
                    List
