Program
  List
    Function
      IdDecl ID="a"
      List
      Block
        Opt
          List
            Declaration
              IdDecl ID="a"
              Opt
            Declaration
              IdDecl ID="b"
              Opt
            Assignment
              IdUse ID="b"
              Mod
                IntValue INTEGER="2"
                IntValue INTEGER="2"
            Assignment
              IdUse ID="a"
              Mod
                IdUse ID="b"
                IntValue INTEGER="2"
