If condition: 1
Assignment: a = 1
If condition: 1
Assignment: b = 2
If condition: 1
Assignment: a = 1
If condition: 1
Assignment: b = 2
If condition: 1
Assignment: a = 1
If condition: 1
Assignment: b = 2
If condition: 0
If condition: 0
If condition: 0
If condition: 0
If condition: 0
If condition: 0
