Declaration: main0_a = 0
Declaration: main1_b = 0
ReAssignment: main0_a = 24
ReAssignment: main1_b = 20
While condition: 1
If condition: 1
ReAssignment: a = 4
While condition: 1
If condition: 0
ReAssignment: b = 16
While condition: 1
If condition: 0
ReAssignment: b = 12
While condition: 1
If condition: 0
ReAssignment: b = 8
While condition: 1
If condition: 0
ReAssignment: b = 4
While condition: 0
If condition: 0
ReAssignment: b = 0
Print: 4
If condition: 0
If condition: 0
If condition: 1
Print: 4
While condition: 1
If condition: 1
ReAssignment: a = 4
While condition: 1
If condition: 0
ReAssignment: b = 16
While condition: 1
If condition: 0
ReAssignment: b = 12
While condition: 1
If condition: 0
ReAssignment: b = 8
While condition: 1
If condition: 0
ReAssignment: b = 4
While condition: 0
If condition: 0
ReAssignment: b = 0
If condition: 0
If condition: 0
If condition: 1
Assignment: main6_diff = 0
Print: 0
